2025-11-02 00:13:41.401 [info] Extension host with pid 29517 started
2025-11-02 00:13:41.401 [info] Skipping acquiring lock for /home/pepino/.config/Code - OSS/User/workspaceStorage/26828e4323266aff31d7577eb829f9b7.
2025-11-02 00:13:41.425 [info] ExtensionService#_doActivateExtension vscode.emmet, startup: false, activationEvent: 'onLanguage'
2025-11-02 00:13:41.453 [info] ExtensionService#_doActivateExtension vscode.git-base, startup: true, activationEvent: '*', root cause: vscode.git
2025-11-02 00:13:41.466 [info] ExtensionService#_doActivateExtension vscode.git, startup: true, activationEvent: '*'
2025-11-02 00:13:41.509 [info] ExtensionService#_doActivateExtension vscode.github, startup: true, activationEvent: '*'
2025-11-02 00:13:41.564 [info] Eager extensions activated
2025-11-02 00:13:41.582 [info] ExtensionService#_doActivateExtension vscode.debug-auto-launch, startup: false, activationEvent: 'onStartupFinished'
2025-11-02 00:13:41.583 [info] ExtensionService#_doActivateExtension vscode.merge-conflict, startup: false, activationEvent: 'onStartupFinished'
2025-11-02 00:14:20.204 [info] Extension host terminating: renderer closed the MessagePort
2025-11-02 00:14:20.208 [info] Extension host with pid 29517 exiting with code 0
2025-11-02 00:14:20.932 [info] Extension host with pid 31977 started
2025-11-02 00:14:20.932 [info] Skipping acquiring lock for /home/pepino/.config/Code - OSS/User/workspaceStorage/b96432a9f0aa6320fc621219634ca3a6.
2025-11-02 00:14:20.976 [info] ExtensionService#_doActivateExtension vscode.emmet, startup: false, activationEvent: 'onLanguage'
2025-11-02 00:14:21.002 [info] ExtensionService#_doActivateExtension vscode.git-base, startup: true, activationEvent: '*'
2025-11-02 00:14:21.004 [info] ExtensionService#_doActivateExtension vscode.github, startup: true, activationEvent: '*'
2025-11-02 00:14:21.045 [info] Eager extensions activated
2025-11-02 00:14:21.046 [info] ExtensionService#_doActivateExtension vscode.debug-auto-launch, startup: false, activationEvent: 'onStartupFinished'
2025-11-02 00:14:21.047 [info] ExtensionService#_doActivateExtension vscode.merge-conflict, startup: false, activationEvent: 'onStartupFinished'
2025-11-02 00:14:22.266 [info] ExtensionService#_doActivateExtension vscode.git, startup: false, activationEvent: 'api', root cause: vscode.github
