2025-11-02 01:44:22.931 [info] [main] Log level: Info
2025-11-02 01:44:22.931 [info] [main] Validating found git in: "git"
2025-11-02 01:44:22.931 [info] [main] Using git "2.51.2" from "git"
2025-11-02 01:44:22.931 [info] [Model][doInitialScan] Initial repository scan started
2025-11-02 01:44:22.931 [info] > git rev-parse --show-toplevel [6ms]
2025-11-02 01:44:22.931 [info] fatal: not a git repository (or any of the parent directories): .git
2025-11-02 01:44:22.931 [info] > git rev-parse --show-toplevel [2ms]
2025-11-02 01:44:22.931 [info] fatal: not a git repository (or any of the parent directories): .git
2025-11-02 01:44:22.931 [info] > git rev-parse --show-toplevel [0ms]
2025-11-02 01:44:22.931 [info] fatal: not a git repository (or any of the parent directories): .git
2025-11-02 01:44:22.931 [info] > git rev-parse --show-toplevel [1ms]
2025-11-02 01:44:22.931 [info] fatal: not a git repository (or any of the parent directories): .git
2025-11-02 01:44:22.931 [info] > git rev-parse --show-toplevel [1ms]
2025-11-02 01:44:22.931 [info] fatal: not a git repository (or any of the parent directories): .git
2025-11-02 01:44:22.931 [info] > git rev-parse --show-toplevel [1ms]
2025-11-02 01:44:22.931 [info] fatal: not a git repository (or any of the parent directories): .git
2025-11-02 01:44:22.931 [info] > git rev-parse --show-toplevel [1ms]
2025-11-02 01:44:22.931 [info] fatal: not a git repository (or any of the parent directories): .git
2025-11-02 01:44:22.931 [info] > git rev-parse --show-toplevel [0ms]
2025-11-02 01:44:22.931 [info] fatal: not a git repository (or any of the parent directories): .git
2025-11-02 01:44:22.931 [info] > git rev-parse --show-toplevel [0ms]
2025-11-02 01:44:22.931 [info] fatal: not a git repository (or any of the parent directories): .git
2025-11-02 01:44:22.931 [info] > git rev-parse --show-toplevel [5ms]
2025-11-02 01:44:22.931 [info] fatal: not a git repository (or any of the parent directories): .git
2025-11-02 01:44:22.931 [info] > git rev-parse --show-toplevel [1ms]
2025-11-02 01:44:22.931 [info] fatal: not a git repository (or any of the parent directories): .git
2025-11-02 01:44:22.931 [info] [Model][doInitialScan] Initial repository scan completed - repositories (0), closed repositories (0), parent repositories (0), unsafe repositories (0)
2025-11-02 01:44:22.931 [info] > git rev-parse --show-toplevel [5ms]
2025-11-02 01:44:22.931 [info] fatal: not a git repository (or any of the parent directories): .git
2025-11-02 01:44:24.930 [info] > git rev-parse --show-toplevel [1ms]
2025-11-02 01:44:24.930 [info] fatal: not a git repository (or any of the parent directories): .git
