2025-11-02 01:50:55.272 [info] [main] Log level: Info
2025-11-02 01:50:55.272 [info] [main] Validating found git in: "git"
2025-11-02 01:50:55.272 [info] [main] Using git "2.51.2" from "git"
2025-11-02 01:50:55.272 [info] [Model][doInitialScan] Initial repository scan started
2025-11-02 01:50:55.272 [info] > git rev-parse --show-toplevel [4ms]
2025-11-02 01:50:55.272 [info] fatal: not a git repository (or any of the parent directories): .git
2025-11-02 01:50:55.272 [info] > git rev-parse --show-toplevel [2ms]
2025-11-02 01:50:55.272 [info] fatal: not a git repository (or any of the parent directories): .git
2025-11-02 01:50:55.272 [info] > git rev-parse --show-toplevel [1ms]
2025-11-02 01:50:55.272 [info] fatal: not a git repository (or any of the parent directories): .git
2025-11-02 01:50:55.272 [info] > git rev-parse --show-toplevel [1ms]
2025-11-02 01:50:55.272 [info] fatal: not a git repository (or any of the parent directories): .git
2025-11-02 01:50:55.272 [info] > git rev-parse --show-toplevel [0ms]
2025-11-02 01:50:55.272 [info] fatal: not a git repository (or any of the parent directories): .git
2025-11-02 01:50:55.272 [info] > git rev-parse --show-toplevel [1ms]
2025-11-02 01:50:55.272 [info] fatal: not a git repository (or any of the parent directories): .git
2025-11-02 01:50:55.272 [info] > git rev-parse --show-toplevel [1ms]
2025-11-02 01:50:55.272 [info] fatal: not a git repository (or any of the parent directories): .git
2025-11-02 01:50:55.272 [info] > git rev-parse --show-toplevel [1ms]
2025-11-02 01:50:55.272 [info] fatal: not a git repository (or any of the parent directories): .git
2025-11-02 01:50:55.272 [info] > git rev-parse --show-toplevel [1ms]
2025-11-02 01:50:55.272 [info] fatal: not a git repository (or any of the parent directories): .git
2025-11-02 01:50:55.272 [info] > git rev-parse --show-toplevel [3ms]
2025-11-02 01:50:55.272 [info] fatal: not a git repository (or any of the parent directories): .git
2025-11-02 01:50:55.272 [info] > git rev-parse --show-toplevel [1ms]
2025-11-02 01:50:55.272 [info] fatal: not a git repository (or any of the parent directories): .git
2025-11-02 01:50:55.272 [info] > git rev-parse --show-toplevel [2ms]
2025-11-02 01:50:55.272 [info] fatal: not a git repository (or any of the parent directories): .git
2025-11-02 01:50:55.272 [info] [Model][doInitialScan] Initial repository scan completed - repositories (0), closed repositories (0), parent repositories (0), unsafe repositories (0)
2025-11-02 01:50:55.272 [info] > git rev-parse --show-toplevel [1ms]
2025-11-02 01:50:55.272 [info] fatal: not a git repository (or any of the parent directories): .git
2025-11-02 01:50:55.304 [info] > git rev-parse --show-toplevel [1ms]
2025-11-02 01:50:55.304 [info] fatal: not a git repository (or any of the parent directories): .git
2025-11-02 01:50:57.258 [info] > git rev-parse --show-toplevel [1ms]
2025-11-02 01:50:57.258 [info] fatal: not a git repository (or any of the parent directories): .git
2025-11-02 01:55:47.285 [info] > git rev-parse --show-toplevel [0ms]
2025-11-02 01:55:47.285 [info] fatal: not a git repository (or any of the parent directories): .git
2025-11-02 01:55:55.675 [info] > git rev-parse --show-toplevel [1ms]
2025-11-02 01:55:55.676 [info] fatal: not a git repository (or any of the parent directories): .git
2025-11-02 01:56:12.502 [info] > git rev-parse --show-toplevel [1ms]
2025-11-02 01:56:12.502 [info] fatal: not a git repository (or any of the parent directories): .git
2025-11-02 01:56:27.102 [info] > git rev-parse --show-toplevel [1ms]
2025-11-02 01:56:27.102 [info] fatal: not a git repository (or any of the parent directories): .git
2025-11-02 01:56:34.404 [info] > git rev-parse --show-toplevel [1ms]
2025-11-02 01:56:34.404 [info] fatal: not a git repository (or any of the parent directories): .git
