2025-11-02 05:22:30.781 [info] Reading sessions from keychain...
2025-11-02 05:22:30.781 [info] Getting sessions for all scopes...
2025-11-02 05:22:30.781 [info] Got 0 sessions for ...
2025-11-02 05:22:30.781 [info] Getting sessions for all scopes...
2025-11-02 05:22:30.781 [info] Got 0 sessions for ...
2025-11-02 05:22:30.781 [info] Getting sessions for all scopes...
2025-11-02 05:22:30.781 [info] Got 0 sessions for ...
2025-11-02 05:22:30.781 [info] Getting sessions for read:user,repo,user:email,workflow...
2025-11-02 05:22:30.781 [info] Got 0 sessions for read:user,repo,user:email,workflow...
2025-11-02 05:22:31.327 [info] Getting sessions for all scopes...
2025-11-02 05:22:31.327 [info] Got 0 sessions for ...
2025-11-02 05:22:31.327 [info] Getting sessions for all scopes...
2025-11-02 05:22:31.327 [info] Got 0 sessions for ...
2025-11-02 05:22:31.331 [info] Getting sessions for all scopes...
2025-11-02 05:22:31.331 [info] Got 0 sessions for ...
2025-11-02 05:22:44.791 [info] Reading sessions from keychain...
2025-11-02 05:22:44.791 [info] Getting sessions for all scopes...
2025-11-02 05:22:44.791 [info] Got 0 sessions for ...
2025-11-02 05:22:44.791 [info] Getting sessions for all scopes...
2025-11-02 05:22:44.791 [info] Got 0 sessions for ...
2025-11-02 05:22:44.791 [info] Getting sessions for all scopes...
2025-11-02 05:22:44.791 [info] Got 0 sessions for ...
2025-11-02 05:22:44.791 [info] Getting sessions for read:user,repo,user:email,workflow...
2025-11-02 05:22:44.791 [info] Got 0 sessions for read:user,repo,user:email,workflow...
2025-11-02 05:22:46.715 [info] Getting sessions for all scopes...
2025-11-02 05:22:46.715 [info] Got 0 sessions for ...
2025-11-02 05:22:46.716 [info] Getting sessions for all scopes...
2025-11-02 05:22:46.716 [info] Got 0 sessions for ...
2025-11-02 05:22:46.720 [info] Getting sessions for all scopes...
2025-11-02 05:22:46.720 [info] Got 0 sessions for ...
2025-11-02 05:24:33.773 [info] Getting sessions for read:user,repo,user:email,workflow...
2025-11-02 05:24:33.773 [info] Got 0 sessions for read:user,repo,user:email,workflow...
2025-11-02 05:30:08.516 [info] Getting sessions for read:user,repo,user:email,workflow...
2025-11-02 05:30:08.516 [info] Got 0 sessions for read:user,repo,user:email,workflow...
2025-11-02 05:30:17.151 [info] Logging in with 'any' account...
2025-11-02 05:30:17.151 [info] Logging in for the following scopes: read:user repo user:email workflow
2025-11-02 05:30:17.161 [info] Trying device code flow... (read:user repo user:email workflow)
2025-11-02 05:31:01.014 [info] Getting user info...
2025-11-02 05:31:01.522 [info] Got account info!
2025-11-02 05:31:01.522 [info] Storing 1 sessions...
2025-11-02 05:31:07.094 [info] Reading sessions from keychain...
2025-11-02 05:31:07.094 [info] Stored 1 sessions!
2025-11-02 05:31:07.095 [info] Login success!
2025-11-02 05:31:07.102 [info] Got stored sessions!
2025-11-02 05:31:07.102 [info] Got 1 verified sessions.
2025-11-02 05:31:07.104 [info] Getting sessions for read:user,repo,user:email,workflow...
2025-11-02 05:31:07.104 [info] Got 1 sessions for read:user,repo,user:email,workflow...
