2025-11-02 05:21:42.618 [info] Extension host with pid 76061 started
2025-11-02 05:21:42.638 [info] ExtensionService#_doActivateExtension vscode.git-base, startup: true, activationEvent: '*', root cause: vscode.git
2025-11-02 05:21:42.642 [info] ExtensionService#_doActivateExtension vscode.git, startup: true, activationEvent: '*'
2025-11-02 05:21:42.679 [info] ExtensionService#_doActivateExtension vscode.github, startup: true, activationEvent: '*'
2025-11-02 05:21:42.747 [info] Eager extensions activated
2025-11-02 05:21:42.748 [info] ExtensionService#_doActivateExtension vscode.debug-auto-launch, startup: false, activationEvent: 'onStartupFinished'
2025-11-02 05:21:42.749 [info] ExtensionService#_doActivateExtension vscode.merge-conflict, startup: false, activationEvent: 'onStartupFinished'
2025-11-02 05:22:28.412 [info] Extension host terminating: renderer closed the MessagePort
2025-11-02 05:22:28.429 [info] Extension host with pid 76061 exiting with code 0
2025-11-02 05:22:29.237 [info] Extension host with pid 85683 started
2025-11-02 05:22:29.237 [info] Skipping acquiring lock for /home/pepino/.config/Code - OSS/User/workspaceStorage/afa40062579c3d8e318f8af4026bc6d3.
2025-11-02 05:22:29.244 [info] ExtensionService#_doActivateExtension vscode.emmet, startup: false, activationEvent: 'onLanguage'
2025-11-02 05:22:29.268 [info] ExtensionService#_doActivateExtension vscode.git-base, startup: true, activationEvent: '*'
2025-11-02 05:22:29.270 [info] ExtensionService#_doActivateExtension vscode.github, startup: true, activationEvent: '*'
2025-11-02 05:22:29.313 [info] Eager extensions activated
2025-11-02 05:22:29.314 [info] ExtensionService#_doActivateExtension vscode.debug-auto-launch, startup: false, activationEvent: 'onStartupFinished'
2025-11-02 05:22:29.316 [info] ExtensionService#_doActivateExtension vscode.merge-conflict, startup: false, activationEvent: 'onStartupFinished'
2025-11-02 05:22:30.607 [info] ExtensionService#_doActivateExtension vscode.git, startup: false, activationEvent: 'api', root cause: vscode.github
2025-11-02 05:22:30.738 [info] ExtensionService#_doActivateExtension vscode.github-authentication, startup: false, activationEvent: 'onAuthenticationRequest:github'
2025-11-02 05:22:43.802 [info] Extension host terminating: renderer closed the MessagePort
2025-11-02 05:22:43.809 [info] Extension host with pid 85683 exiting with code 0
2025-11-02 05:22:44.558 [info] Extension host with pid 88687 started
2025-11-02 05:22:44.558 [info] Skipping acquiring lock for /home/pepino/.config/Code - OSS/User/workspaceStorage/eea917f5dad94ca2df0e7de93e23b19c.
2025-11-02 05:22:44.565 [info] ExtensionService#_doActivateExtension vscode.emmet, startup: false, activationEvent: 'onLanguage'
2025-11-02 05:22:44.590 [info] ExtensionService#_doActivateExtension vscode.git-base, startup: true, activationEvent: '*', root cause: vscode.git
2025-11-02 05:22:44.591 [info] ExtensionService#_doActivateExtension vscode.git, startup: true, activationEvent: '*'
2025-11-02 05:22:44.628 [info] ExtensionService#_doActivateExtension vscode.github, startup: true, activationEvent: '*'
2025-11-02 05:22:44.724 [info] Eager extensions activated
2025-11-02 05:22:44.733 [info] ExtensionService#_doActivateExtension vscode.debug-auto-launch, startup: false, activationEvent: 'onStartupFinished'
2025-11-02 05:22:44.734 [info] ExtensionService#_doActivateExtension vscode.merge-conflict, startup: false, activationEvent: 'onStartupFinished'
2025-11-02 05:22:44.772 [info] ExtensionService#_doActivateExtension vscode.github-authentication, startup: false, activationEvent: 'onAuthenticationRequest:github'
2025-11-02 05:23:25.102 [info] ExtensionService#_doActivateExtension vscode.extension-editing, startup: false, activationEvent: 'onLanguage:markdown'
2025-11-02 05:23:25.111 [info] ExtensionService#_doActivateExtension vscode.markdown-language-features, startup: false, activationEvent: 'onLanguage:markdown'
2025-11-02 05:23:25.399 [info] ExtensionService#_doActivateExtension vscode.markdown-math, startup: false, activationEvent: 'api', root cause: vscode.markdown-language-features
2025-11-02 05:30:07.521 [info] ExtensionService#_doActivateExtension vscode.configuration-editing, startup: false, activationEvent: 'onLanguage:jsonc'
2025-11-02 05:30:07.531 [info] ExtensionService#_doActivateExtension vscode.json-language-features, startup: false, activationEvent: 'onLanguage:jsonc'
2025-11-02 05:30:07.575 [info] ExtensionService#_doActivateExtension vscode.typescript-language-features, startup: false, activationEvent: 'onLanguage:jsonc'
